{"level":"warn", "message":"this is just a warning"}
{"level":"log", "message":"hi there"}
{"level":"error", "message":"error ocurred!"}
{"level":"error", "message":"Wed May  1 13:58:53 -03 2019"}
{"level":"log", "message":"Wed May  1 13:58:54 -03 2019"}
{"level":"error", "message":"Wed May  1 13:58:55 -03 2019"}
{"level":"log", "message":"Wed May  1 13:58:56 -03 2019"}
{"level":"error", "message":"Wed May  1 13:58:57 -03 2019"}
{"level":"log", "message":"Wed May  1 13:58:58 -03 2019"}
{"level":"error", "message":"Wed May  1 13:58:59 -03 2019"}
{"level":"log", "message":"Wed May  1 13:59:00 -03 2019"}
{"level":"error", "message":"Wed May  1 13:59:01 -03 2019"}
{"level":"log", "message":"Wed May  1 13:59:02 -03 2019"}
{"level":"error", "message":"Wed May  1 13:59:03 -03 2019"}
{"level":"log", "message":"Wed May  1 13:59:04 -03 2019"}
{"level":"error", "message":"Wed May  1 13:59:05 -03 2019"}
{"level":"log", "message":"Wed May  1 13:59:06 -03 2019"}
{"level":"error", "message":"Wed May  1 13:59:07 -03 2019"}
